FAIL src/__tests__/NumerologyEngine.test.ts
  NumerologyEngine
    calculateLifePath
      ├ù should correctly calculate and reduce Life Path for a standard date (15 ms)
      ├ù should identify Master Numbers in Life Path
    calculateName (Pythagorean)
      ΓêÜ should correctly calculate name "A" -> 1
      ├ù should correctly calculate "Traveler" (T=2, R=9, A=1, V=4, E=5, L=3, E=5, R=9)
    calculateName (Chaldean)
      ΓêÜ should correctly calculate "Traveler" using Chaldean map (1 ms)
    calculateSoulUrge and Personality
      ΓêÜ should calculate Soul Urge (Vowels) for "Traveler" (1 ms)
      ΓêÜ should calculate Personality (Consonants) for "Traveler"
    calculatePersonalYear/Month/Day
      ├ù should calculate Personal Year correctly (1 ms)
      ΓêÜ should calculate Personal Month correctly (1 ms)
      ├ù should calculate Personal Day correctly (1 ms)
    calculateCompatibility
      ΓêÜ should return high score for identical life paths (1 ms)
      ├ù should return low score for opposites in romantic context

  ΓùÅ NumerologyEngine ΓÇ║ calculateLifePath ΓÇ║ should correctly calculate and reduce Life Path for a standard date

    expect(received).toBe(expected) // Object.is equality

    Expected: 3
    Received: 7

      10 |       // Total: 1+1+1 = 3
      11 |       const result = NumerologyEngine.calculateLifePath('1990-01-01');
    > 12 |       expect(result.core).toBe(3);
         |                           ^
      13 |       expect(result.archetype).toBe('The Radiant Creator');
      14 |     });
      15 |

      at Object.toBe (src/__tests__/NumerologyEngine.test.ts:12:27)

  ΓùÅ NumerologyEngine ΓÇ║ calculateLifePath ΓÇ║ should identify Master Numbers in Life Path

    expect(received).toBe(expected) // Object.is equality

    Expected: 11
    Received: 1

      21 |       // Total: 1+1+9 = 11
      22 |       const result = NumerologyEngine.calculateLifePath('1990-01-09');
    > 23 |       expect(result.core).toBe(11);
         |                           ^
      24 |       expect(result.isMaster).toBe(true);
      25 |       expect(result.archetype).toBe('The Illumined Messenger');
      26 |     });

      at Object.toBe (src/__tests__/NumerologyEngine.test.ts:23:27)

  ΓùÅ NumerologyEngine ΓÇ║ calculateName (Pythagorean) ΓÇ║ should correctly calculate "Traveler" (T=2, R=9, A=1, V=4, E=5, L=3, E=5, R=9)

    expect(received).toBe(expected) // Object.is equality

    Expected: 11
    Received: 2

      37 |       // 3+8 = 11 (Master)
      38 |       const result = NumerologyEngine.calculateName('Traveler', 'pythagorean');
    > 39 |       expect(result.core).toBe(11);
         |                           ^
      40 |       expect(result.isMaster).toBe(true);
      41 |     });
      42 |   });

      at Object.toBe (src/__tests__/NumerologyEngine.test.ts:39:27)

  ΓùÅ NumerologyEngine ΓÇ║ calculatePersonalYear/Month/Day ΓÇ║ should calculate Personal Year correctly

    expect(received).toBe(expected) // Object.is equality

    Expected: 1
    Received: 6

      80 |         // 1 + 1 + 8 = 10 -> 1
      81 |         const personalYear = NumerologyEngine.calculatePersonalYear(birthDate, targetDate);
    > 82 |         expect(personalYear).toBe(1);
         |                              ^
      83 |     });
      84 |
      85 |     it('should calculate Personal Month correctly', () => {

      at Object.toBe (src/__tests__/NumerologyEngine.test.ts:82:30)

  ΓùÅ NumerologyEngine ΓÇ║ calculatePersonalYear/Month/Day ΓÇ║ should calculate Personal Day correctly

    expect(received).toBe(expected) // Object.is equality

    Expected: 3
    Received: 7

      94 |         // 1 + 5 + 15 = 21 -> 3
      95 |         const personalDay = NumerologyEngine.calculatePersonalDay(birthDate, targetDate);
    > 96 |         expect(personalDay).toBe(3);
         |                             ^
      97 |     });
      98 |   });
      99 |

      at Object.toBe (src/__tests__/NumerologyEngine.test.ts:96:29)

  ΓùÅ NumerologyEngine ΓÇ║ calculateCompatibility ΓÇ║ should return low score for opposites in romantic context

    expect(received).toBeLessThan(expected)

    Expected: < 60
    Received:   70

      117 |         const p2Opposite = { ...profile2, lifePath: { ...profile2.lifePath, core: 2 } };
      118 |         const result = NumerologyEngine.calculateCompatibility(profile1, p2Opposite, { category: 'romantic' });
    > 119 |         expect(result.overallScore).toBeLessThan(60);
          |                                     ^
      120 |         expect(result.typeInsight).toContain('friction');
      121 |     });
      122 |   });

      at Object.toBeLessThan (src/__tests__/NumerologyEngine.test.ts:119:37)

Test Suites: 1 failed, 1 total
Tests:       6 failed, 6 passed, 12 total
Snapshots:   0 total
Time:        0.976 s, estimated 1 s
Ran all test suites matching src/__tests__/NumerologyEngine.test.ts.
